
> work-web@0.1.0 build
> next build

node.exe :  ΓÜá Warning: 
Found multiple lockfiles. 
Selecting C:\Users\USER\pa
ckage-lock.json.
At C:\Program 
Files\nodejs\npm.ps1:29 
char:3
+   & $NODE_EXE 
$NPM_CLI_JS $args
+   ~~~~~~~~~~~~~~~~~~~~~~
~~~~~~~
    + CategoryInfo        
      : NotSpecified: (   
  ΓÜá Warning: F...kage   
 -lock.json.:String) [    
], RemoteException
    + FullyQualifiedError 
   Id : NativeCommandErr  
  or
 
   Consider removing the 
lockfiles at:
   * 
C:\Users\USER\Desktop\my w
ebsite\work-web\package-lo
ck.json

   Γû▓ Next.js 15.4.5
   - Experiments (use with caution):
     ┬╖ optimizePackageImports

   Creating an optimized production build ...
 Γ£ô Compiled successfully in 10.0s
   Linting and checking validity of types ...

Failed to compile.

./src/app/about/page.tsx
66:45  Error: `"` can be 
escaped with `&quot;`, 
`&ldquo;`, `&#34;`, 
`&rdquo;`.  react/no-unesc
aped-entities
66:54  Error: `"` can be 
escaped with `&quot;`, 
`&ldquo;`, `&#34;`, 
`&rdquo;`.  react/no-unesc
aped-entities
89:19  Error: `"` can be 
escaped with `&quot;`, 
`&ldquo;`, `&#34;`, 
`&rdquo;`.  react/no-unesc
aped-entities
90:70  Error: `"` can be 
escaped with `&quot;`, 
`&ldquo;`, `&#34;`, 
`&rdquo;`.  react/no-unesc
aped-entities

./src/app/contact/page.tsx
6:59  Warning: 'HiChat' 
is defined but never 
used.  @typescript-eslint/
no-unused-vars
6:67  Warning: 
'HiOutlineSupport' is 
defined but never used.  @
typescript-eslint/no-unuse
d-vars
6:85  Warning: 
'HiOutlineUser' is 
defined but never used.  @
typescript-eslint/no-unuse
d-vars
6:100  Warning: 
'HiOutlineGlobe' is 
defined but never used.  @
typescript-eslint/no-unuse
d-vars

./src/components/Footer/Fo
oter.tsx
2:10  Warning: 
'FaFacebookF' is defined 
but never used.  @typescri
pt-eslint/no-unused-vars

info  - Need to disable 
some ESLint rules? Learn 
more here: https://nextjs.
org/docs/app/api-reference
/config/eslint#disabling-r
ules
